2026-09-29 22:57:31,114 INFO Loaded 1523 sidecar rows from training/assemble/out/corpus_p25_sidecar.jsonl
2026-09-29 22:57:31,164 INFO Loaded crosscheck: 805 floor (by record_id), 111 overlay (by id), 559 by (utterance, call_name) fallback
2026-09-29 22:57:51,014 INFO Processed 100 rows (no_call=20, parse_error=0, skipped=50, executed=30)...
2026-09-29 22:57:57,567 INFO Processed 200 rows (no_call=60, parse_error=0, skipped=97, executed=43)...
2026-09-29 22:58:09,396 INFO Processed 300 rows (no_call=80, parse_error=0, skipped=152, executed=68)...
2026-09-29 22:58:17,626 INFO Processed 400 rows (no_call=120, parse_error=0, skipped=187, executed=93)...
2026-09-29 22:58:26,714 INFO Processed 500 rows (no_call=140, parse_error=0, skipped=247, executed=113)...
2026-09-29 22:58:36,515 INFO Processed 600 rows (no_call=160, parse_error=0, skipped=297, executed=143)...
2026-09-29 22:58:36,518 INFO Processed 700 rows (no_call=175, parse_error=0, skipped=382, executed=143)...
2026-09-29 22:58:40,423 INFO Processed 800 rows (no_call=256, parse_error=0, skipped=394, executed=150)...
2026-09-29 22:59:12,735 INFO Processed 900 rows (no_call=268, parse_error=0, skipped=437, executed=195)...
2026-09-29 22:59:27,928 INFO Processed 1000 rows (no_call=300, parse_error=0, skipped=486, executed=214)...
2026-09-29 22:59:45,043 INFO Processed 1100 rows (no_call=332, parse_error=0, skipped=534, executed=234)...
2026-09-29 22:59:51,259 INFO Processed 1200 rows (no_call=363, parse_error=0, skipped=579, executed=258)...
2026-09-29 22:59:57,110 INFO Processed 1300 rows (no_call=394, parse_error=0, skipped=627, executed=279)...
2026-09-29 23:00:04,744 INFO Processed 1400 rows (no_call=394, parse_error=0, skipped=711, executed=295)...
2026-09-29 23:00:31,216 INFO Processed 1500 rows (no_call=394, parse_error=0, skipped=772, executed=334)...
2026-09-29 23:00:36,582 INFO Sidecar join counts by provenance: {'coverage': {'line_exact': 781}, 'golden': {'line_exact': 88}, 'coverage_natural': {'line_exact': 555}, 'naturalness': {'line_exact': 99}}
2026-09-29 23:00:37,337 INFO Report written to outputs/plr-sema/plr10_tip_effects_260929/units/all_safe.oracle_replay.json
2026-09-29 23:00:37,337 INFO summary: rows_total=1523 no_call=394 parse_error=0 normalised=1 skipped=786 setup_error=0 executed=343 ops=548 unsound=7 unsound_scoped=0 check_graph_exc=0 totality_vio=0 unknown_rate=0.000 crosscheck_joined=191 (exact=191 fallback=0) agree=1.000 check_only_elapsed_s=102.257 runtime_elapsed_s=70.665 wall_elapsed_s=175.086 n_findings_decided=3906 rows_excused_by_scope=7 rows_excused_by_frame=0 scope_verdict_safe=216 gate_go=False
2026-09-29 23:00:37,337 INFO oracle_replay.main returned rc=1 (report outputs/plr-sema/plr10_tip_effects_260929/units/all_safe.oracle_replay.json)
