2026-09-29 22:53:56,142 INFO Loaded 1523 sidecar rows from training/assemble/out/corpus_p25_sidecar.jsonl
2026-09-29 22:53:56,161 INFO Loaded crosscheck: 805 floor (by record_id), 111 overlay (by id), 559 by (utterance, call_name) fallback
2026-09-29 22:54:07,734 INFO Processed 100 rows (no_call=20, parse_error=0, skipped=50, executed=30)...
2026-09-29 22:54:16,550 INFO Processed 200 rows (no_call=60, parse_error=0, skipped=97, executed=43)...
2026-09-29 22:54:35,429 INFO Processed 300 rows (no_call=80, parse_error=0, skipped=152, executed=68)...
2026-09-29 22:54:49,386 INFO Processed 400 rows (no_call=120, parse_error=0, skipped=187, executed=93)...
2026-09-29 22:55:05,666 INFO Processed 500 rows (no_call=140, parse_error=0, skipped=247, executed=113)...
2026-09-29 22:55:22,490 INFO Processed 600 rows (no_call=160, parse_error=0, skipped=297, executed=143)...
2026-09-29 22:55:22,493 INFO Processed 700 rows (no_call=175, parse_error=0, skipped=382, executed=143)...
2026-09-29 22:55:25,012 INFO Processed 800 rows (no_call=256, parse_error=0, skipped=394, executed=150)...
2026-09-29 22:55:44,667 INFO Processed 900 rows (no_call=268, parse_error=0, skipped=437, executed=195)...
2026-09-29 22:56:00,399 INFO Processed 1000 rows (no_call=300, parse_error=0, skipped=486, executed=214)...
2026-09-29 22:56:17,574 INFO Processed 1100 rows (no_call=332, parse_error=0, skipped=534, executed=234)...
2026-09-29 22:56:33,768 INFO Processed 1200 rows (no_call=363, parse_error=0, skipped=579, executed=258)...
2026-09-29 22:56:51,710 INFO Processed 1300 rows (no_call=394, parse_error=0, skipped=627, executed=279)...
2026-09-29 22:56:58,650 INFO Processed 1400 rows (no_call=394, parse_error=0, skipped=711, executed=295)...
2026-09-29 22:57:08,378 INFO Processed 1500 rows (no_call=394, parse_error=0, skipped=772, executed=334)...
2026-09-29 22:57:17,541 INFO Sidecar join counts by provenance: {'coverage': {'line_exact': 781}, 'golden': {'line_exact': 88}, 'coverage_natural': {'line_exact': 555}, 'naturalness': {'line_exact': 99}}
2026-09-29 22:57:18,884 INFO Report written to outputs/plr-sema/plr10_tip_effects_260929/units/real.oracle_replay.json
2026-09-29 22:57:18,884 INFO summary: rows_total=1523 no_call=394 parse_error=0 normalised=1 skipped=786 setup_error=0 executed=343 ops=548 unsound=0 unsound_scoped=0 check_graph_exc=0 totality_vio=0 unknown_rate=1.000 crosscheck_joined=191 (exact=191 fallback=0) agree=1.000 check_only_elapsed_s=107.844 runtime_elapsed_s=78.783 wall_elapsed_s=188.511 n_findings_decided=3906 rows_excused_by_scope=0 rows_excused_by_frame=0 scope_verdict_safe=216 gate_go=True
2026-09-29 22:57:18,885 INFO oracle_replay.main returned rc=0 (report outputs/plr-sema/plr10_tip_effects_260929/units/real.oracle_replay.json)
